Microchip MPLAB XC8 Compiler V1.38 ()

Linker command line:

-W-3 --edf=C:\Program Files (x86)\Microchip\xc8\v1.38\dat\en_msgs.txt -cs \
  -h+dist/default/production\Oscar.X.production.sym \
  --cmf=dist/default/production\Oscar.X.production.cmf -z -Q18F47J53 \
  -oC:\Users\matth\AppData\Local\Temp\s5qus.2 \
  -Mdist/default/production/Oscar.X.production.map -E1 -ver=XC8 \
  -ASTACK=0EFh-0cffh -pstack=STACK -ACODE=00h-01FFF7h -ACONST=00h-01FFF7h \
  -ASMALLCONST=0F00h-0FFFhx496,01FF00h-01FFF7h \
  -AMEDIUMCONST=0F00h-0FFFFh,010F00h-01FFF7h -ACOMRAM=01h-05Fh \
  -AABS1=00h-0EAFh -ABIGRAM=01h-0EAFh \
  -ARAM=060h-0FFh,0100h-01FFhx13,0E00h-0EAFh -ABANK0=060h-0FFh \
  -ABANK1=0100h-01FFh -ABANK2=0200h-02FFh -ABANK3=0300h-03FFh \
  -ABANK4=0400h-04FFh -ABANK5=0500h-05FFh -ABANK6=0600h-06FFh \
  -ABANK7=0700h-07FFh -ABANK8=0800h-08FFh -ABANK9=0900h-09FFh \
  -ABANK10=0A00h-0AFFh -ABANK11=0B00h-0BFFh -ABANK12=0C00h-0CFFh \
  -ABANK13=0D00h-0DFFh -ABANK14=0E00h-0EAFh \
  -ASFR=0EB0h-0EFFh,0F00h-0F5Fh,0F60h-0FFFh \
  -preset_vec=00h,intcode=08h,intcodelo,powerup,init,end_init \
  -pramtop=0F00h -psmallconst=SMALLCONST -pmediumconst=MEDIUMCONST \
  -pconst=CONST -AFARRAM=00h-00h -ACONFIG=01FFF8h-01FFFFh -pconfig=CONFIG \
  -pjflash_buffer=01F800h \
  -prdata=COMRAM,nvrram=COMRAM,nvbit=COMRAM,rbss=COMRAM,rbit=COMRAM \
  -pfarbss=FARRAM,fardata=FARRAM,nvFARRAM=FARRAM \
  -pintsave_regs=BIGRAM,bigbss=BIGRAM,bigdata=BIGRAM -pbss=RAM \
  -pidata=CODE,irdata=CODE,ibigdata=CODE,ifardata=CODE -prparam=COMRAM \
  C:\Users\matth\AppData\Local\Temp\s5qus.obj \
  dist/default/production\Oscar.X.production.obj 

Object code version is 3.11

Machine type is 18F47J53

Call graph: (short form)




                Name                               Link     Load   Length Selector   Space Scale
C:\Users\matth\AppData\Local\Temp\s5qus.obj
                end_init                             7E       7E        4        4       0
                reset_vec                             0        0        4        0       0
                config                            1FFF8    1FFF8        8    1FFF8       0
dist/default/production\Oscar.X.production.obj
                intcode                               8        8       76        4       0
                temp                                 51       51        1        1       1
                smallconst                          F00      F00       D4      780       0
                text43                             1800     1800      102      7EA       0
                text42                             244E     244E       62      7EA       0
                text41                             23EC     23EC       62      7EA       0
                text40                             238A     238A       62      7EA       0
                text39                             19F4     19F4       F2      7EA       0
                text38                             289E     289E       12      7EA       0
                text37                             229E     229E       7C      7EA       0
                text36                             2560     2560       54      7EA       0
                text35                             28B0     28B0       10      7EA       0
                text34                             2884     2884       1A      7EA       0
                text33                             250C     250C       54      7EA       0
                text32                             1CB6     1CB6       D2      7EA       0
                text31                             1D88     1D88       C6      7EA       0
                text30                             1E4E     1E4E       C2      7EA       0
                text29                             16E8     16E8      118      7EA       0
                text28                             24B0     24B0       5C      7EA       0
                text27                             218A     218A       94      7EA       0
                text26                             2702     2702       3C      7EA       0
                text25                             27D6     27D6       28      7EA       0
                text24                             25B4     25B4       48      7EA       0
                text23                             2774     2774       36      7EA       0
                text22                             28C0     28C0        2      7EA       0
                text21                             2842     2842       22      7EA       0
                text20                             2820     2820       22      7EA       0
                text19                             221E     221E       80      7EA       0
                text18                             231A     231A       70      7EA       0
                text17                              FD4      FD4      2FE      7EA       0
                text16                             15B6     15B6      132      7EA       0
                text15                             1F10     1F10       AA      7EA       0
                text14                             27AA     27AA       2C      7EA       0
                text13                             1AE6     1AE6       EE      7EA       0
                text12                             1BD4     1BD4       E2      7EA       0
                text11                             20F2     20F2       98      7EA       0
                text10                             1902     1902       F2      7EA       0
                text9                              2058     2058       9A      7EA       0
                text8                              2686     2686       40      7EA       0
                text7                              1FBA     1FBA       9E      7EA       0
                text6                              1466     1466      150      7EA       0
                text5                              2864     2864       20      7EA       0
                text4                              25FC     25FC       46      7EA       0
                text3                              273E     273E       36      7EA       0
                text2                              26C6     26C6       3C      7EA       0
                text1                              12D2     12D2      194      7EA       0
                text0                              2642     2642       44      7EA       0
                cstackCOMRAM                         31       31       20        1       1
                cstackBANK0                          E1       E1        E       60       1
                bssBANK0                             60       60       81       60       1
                bssCOMRAM                             1        1       30        1       1
                cinit                              27FE     27FE       22      7EA       0

TOTAL           Name                               Link     Load   Length     Space
        CLASS   STACK          

        CLASS   CODE           
                end_init                             7E       7E        4         0
                intcode                               8        8       76         0
                reset_vec                             0        0        4         0
                text43                             1800     1800      102         0
                text42                             244E     244E       62         0
                text41                             23EC     23EC       62         0
                text40                             238A     238A       62         0
                text39                             19F4     19F4       F2         0
                text38                             289E     289E       12         0
                text37                             229E     229E       7C         0
                text36                             2560     2560       54         0
                text35                             28B0     28B0       10         0
                text34                             2884     2884       1A         0
                text33                             250C     250C       54         0
                text32                             1CB6     1CB6       D2         0
                text31                             1D88     1D88       C6         0
                text30                             1E4E     1E4E       C2         0
                text29                             16E8     16E8      118         0
                text28                             24B0     24B0       5C         0
                text27                             218A     218A       94         0
                text26                             2702     2702       3C         0
                text25                             27D6     27D6       28         0
                text24                             25B4     25B4       48         0
                text23                             2774     2774       36         0
                text22                             28C0     28C0        2         0
                text21                             2842     2842       22         0
                text20                             2820     2820       22         0
                text19                             221E     221E       80         0
                text18                             231A     231A       70         0
                text17                              FD4      FD4      2FE         0
                text16                             15B6     15B6      132         0
                text15                             1F10     1F10       AA         0
                text14                             27AA     27AA       2C         0
                text13                             1AE6     1AE6       EE         0
                text12                             1BD4     1BD4       E2         0
                text11                             20F2     20F2       98         0
                text10                             1902     1902       F2         0
                text9                              2058     2058       9A         0
                text8                              2686     2686       40         0
                text7                              1FBA     1FBA       9E         0
                text6                              1466     1466      150         0
                text5                              2864     2864       20         0
                text4                              25FC     25FC       46         0
                text3                              273E     273E       36         0
                text2                              26C6     26C6       3C         0
                text1                              12D2     12D2      194         0
                text0                              2642     2642       44         0
                cinit                              27FE     27FE       22         0

        CLASS   CONST          

        CLASS   SMALLCONST     
                smallconst                          F00      F00       D4         0

        CLASS   MEDIUMCONST    

        CLASS   COMRAM         
                temp                                 51       51        1         1
                cstackCOMRAM                         31       31       20         1
                bssCOMRAM                             1        1       30         1

        CLASS   ABS1           
                abs_s1                              D00      D00       30         1

        CLASS   BIGRAM         

        CLASS   RAM            

        CLASS   BANK0          
                cstackBANK0                          E1       E1        E         1
                bssBANK0                             60       60       81         1

        CLASS   BANK1          

        CLASS   BANK2          

        CLASS   BANK3          

        CLASS   BANK4          

        CLASS   BANK5          

        CLASS   BANK6          

        CLASS   BANK7          

        CLASS   BANK8          

        CLASS   BANK9          

        CLASS   BANK10         

        CLASS   BANK11         

        CLASS   BANK12         

        CLASS   BANK13         

        CLASS   BANK14         

        CLASS   SFR            

        CLASS   FARRAM         

        CLASS   CONFIG         
                config                            1FFF8    1FFF8        8         0

        CLASS   IDLOC          



SEGMENTS        Name                           Load    Length   Top    Selector   Space  Class

                reset_vec                      000000  000004  000004         0       0  CODE    
                bssCOMRAM                      000001  000051  000052         1       1  COMRAM  
                intcode                        000008  00007A  000082         4       0  CODE    
                bssBANK0                       000060  00008F  0000EF        60       1  BANK0   
                smallconst                     000F00  0000D4  000FD4       780       0  SMALLCON
                text17                         000FD4  0018EE  0028C2       7EA       0  CODE    
                config                         01FFF8  000008  020000     1FFF8       0  CONFIG  


UNUSED ADDRESS RANGES

        Name                Unused          Largest block    Delta
        BANK0            000EF-000FF              11
        BANK1            00100-001FF             100
        BANK10           00A00-00AFF             100
        BANK11           00B00-00BFF             100
        BANK12           00C00-00CFF             100
        BANK13           00D30-00DFF              D0
        BANK14           00E00-00EAF              B0
        BANK2            00200-002FF             100
        BANK3            00300-003FF             100
        BANK4            00400-004FF             100
        BANK5            00500-005FF             100
        BANK6            00600-006FF             100
        BANK7            00700-007FF             100
        BANK8            00800-008FF             100
        BANK9            00900-009FF             100
        BIGRAM           00052-0005F               E
                         000EF-00CFF             C11
                         00D30-00EAF             180
        CODE             00004-00007               4
                         00082-00EFF             E7E
                         028C2-1FFF7           1D736
        COMRAM           00052-0005F               E
        CONST            00004-00007               4
                         00082-00EFF             E7E
                         028C2-1FFF7           1D736
        MEDIUMCONST      028C2-0FFFF            D73E
                         10F00-1FFF7            F0F8
        RAM              000EF-00CFF             100
                         00D30-00EAF              D0
        SFR              00EB0-00FFF              60
        SMALLCONST       028C2-1FFF7             100
        STACK            000EF-00CFF             C11

                                  Symbol Table

?_USBTransferOnePacket                    cstackCOMRAM  0003F
?_newButton                               cstackCOMRAM  0003F
APP_DeviceAudioMIDITasks@midiRecieve      cstackBANK0   000E1
APP_LEDUpdateUSBStatus@ledCount           bssCOMRAM     0000B
LED_Off@led                               cstackCOMRAM  0003F
LED_On@led                                cstackCOMRAM  0003F
SPIReadWrite@byte                         cstackCOMRAM  0003F
SPIReadWrite@r                            cstackCOMRAM  00040
SYSTEM_Initialize@pll_startup_counter     cstackCOMRAM  0003F
SYSTEM_Initialize@pll_startup_counter_669 cstackCOMRAM  00041
SYSTEM_Initialize@state                   cstackCOMRAM  00043
USBConfigureEndpoint@EPNum                cstackCOMRAM  00044
USBConfigureEndpoint@direction            cstackCOMRAM  0003F
USBConfigureEndpoint@handle               cstackCOMRAM  00045
USBCtrlTrfInHandler@lastDTS               cstackCOMRAM  00040
USBCtrlTrfRxService@byteToRead            cstackCOMRAM  00040
USBCtrlTrfRxService@i                     cstackCOMRAM  0003F
USBCtrlTrfTxService@byteToSend            cstackCOMRAM  0003F
USBDeviceInit@i                           cstackCOMRAM  00047
USBDeviceTasks@i                          cstackBANK0   000EE
USBEnableEndpoint@ep                      cstackCOMRAM  0004A
USBEnableEndpoint@options                 cstackCOMRAM  00047
USBEnableEndpoint@p                       cstackCOMRAM  00048
USBStdFeatureReqHandler@current_ep_data   cstackBANK0   000EA
USBStdFeatureReqHandler@p                 cstackBANK0   000EB
USBStdFeatureReqHandler@pUEP              cstackBANK0   000E8
USBStdGetStatusHandler@p                  cstackCOMRAM  00040
USBStdSetCfgHandler@i                     cstackBANK0   000E7
USBTransferOnePacket@data                 cstackCOMRAM  00040
USBTransferOnePacket@dir                  cstackCOMRAM  0003F
USBTransferOnePacket@ep                   cstackCOMRAM  00047
USBTransferOnePacket@handle               cstackCOMRAM  00048
USBTransferOnePacket@len                  cstackCOMRAM  00042
USER_USB_CALLBACK_EVENT_HANDLER@event     cstackBANK0   000E1
USER_USB_CALLBACK_EVENT_HANDLER@pdata     cstackBANK0   000E3
USER_USB_CALLBACK_EVENT_HANDLER@size      cstackBANK0   000E5
_APP_DeviceAudioMIDIInitialize            text23        02774
_APP_DeviceAudioMIDISOFHandler            text22        028C0
_APP_DeviceAudioMIDITasks                 text36        02560
_APP_LEDUpdateUSBStatus                   text19        0221E
_BDT                                      (abs)         00D00
_BothEP0OutUOWNsSet                       bssCOMRAM     00019
_Buttons                                  bssBANK0      00060
_ConfigSPIPeriph                          text35        028B0
_CtrlTrfData                              (abs)         00D28
_InitSPIPins                              text34        02884
_LATB                                     (abs)         00F8A
_LATC                                     (abs)         00F8B
_LATCbits                                 (abs)         00F8B
_LATD                                     (abs)         00F8C
_LATDbits                                 (abs)         00F8C
_LATEbits                                 (abs)         00F8D
_LED_Off                                  text21        02842
_LED_On                                   text20        02820
_OSCCON                                   (abs)         00FD3
_OSCTUNEbits                              (abs)         00F9B
_PIE2bits                                 (abs)         00FA0
_PIR2bits                                 (abs)         00FA1
_ReceivedDataBuffer                       bssBANK0      000A1
_RemoteWakeup                             bssCOMRAM     0001A
_SPIReadWrite                             text38        0289E
_SSP1BUF                                  (abs)         00FC9
_SSP1CON1bits                             (abs)         00FC6
_SSP1STATbits                             (abs)         00FC7
_SYSTEM_Initialize                        text33        0250C
_SYS_InterruptHigh                        intcode       00008
_SetupPkt                                 (abs)         00D20
_TRISB                                    (abs)         00F93
_TRISC                                    (abs)         00F94
_TRISD                                    (abs)         00F95
_TRISEbits                                (abs)         00F96
_UADDR                                    (abs)         00F38
_UCFG                                     (abs)         00F39
_UCON                                     (abs)         00F65
_UCONbits                                 (abs)         00F65
_UEIE                                     (abs)         00F37
_UEIR                                     (abs)         00F63
_UEP0                                     (abs)         00F26
_UEP0bits                                 (abs)         00F26
_UEP1                                     (abs)         00F27
_UIE                                      (abs)         00F36
_UIEbits                                  (abs)         00F36
_UIR                                      (abs)         00F62
_UIRbits                                  (abs)         00F62
_USB1msTickCount                          bssBANK0      00091
_USBActiveConfiguration                   bssCOMRAM     0002E
_USBAlternateInterface                    bssCOMRAM     0002F
_USBBusIsSuspended                        bssCOMRAM     0001B
_USBCheckStdRequest                       text12        01BD4
_USBConfigureEndpoint                     text27        0218A
_USBCtrlEPAllowDataStage                  text11        020F2
_USBCtrlEPAllowStatusStage                text30        01E4E
_USBCtrlEPService                         text7         01FBA
_USBCtrlEPServiceComplete                 text10        01902
_USBCtrlTrfInHandler                      text31        01D88
_USBCtrlTrfOutHandler                     text28        024B0
_USBCtrlTrfRxService                      text29        016E8
_USBCtrlTrfSetupHandler                   text9         02058
_USBCtrlTrfTxService                      text32        01CB6
_USBDeferINDataStagePackets               bssCOMRAM     0001C
_USBDeferOUTDataStagePackets              bssCOMRAM     0001D
_USBDeferStatusStagePacket                bssCOMRAM     0001E
_USBDeviceInit                            text6         01466
_USBDeviceState                           bssCOMRAM     0001F
_USBDeviceTasks                           text1         012D2
_USBEnableEndpoint                        text26        02702
_USBIncrement1msInternalTimers            text5         02864
_USBRxHandle                              bssCOMRAM     0000D
_USBStallHandler                          text4         025FC
_USBStatusStageEnabledFlag1               bssCOMRAM     00020
_USBStatusStageEnabledFlag2               bssCOMRAM     00021
_USBStatusStageTimeoutCounter             bssCOMRAM     00022
_USBStdFeatureReqHandler                  text17        00FD4
_USBStdGetDscHandler                      text16        015B6
_USBStdGetStatusHandler                   text15        01F10
_USBStdSetCfgHandler                      text13        01AE6
_USBSuspend                               text3         0273E
_USBTicksSinceSuspendEnd                  bssCOMRAM     00023
_USBTransferOnePacket                     text43        01800
_USBTxHandle                              bssCOMRAM     0000F
_USBWakeFromSuspend                       text2         026C6
_USB_CD_Ptr                               smallconst    00F07
_USB_SD_Ptr                               smallconst    00F01
_USER_USB_CALLBACK_EVENT_HANDLER          text18        0231A
_USTAT                                    (abs)         00F64
_USTATcopy                                bssCOMRAM     00030
__CFG_CFGPLLEN$ON                         (abs)         00000
__CFG_CP0$OFF                             (abs)         00000
__CFG_CPUDIV$OSC1                         (abs)         00000
__CFG_DSBOREN$OFF                         (abs)         00000
__CFG_DSWDTEN$OFF                         (abs)         00000
__CFG_DSWDTOSC$INTOSCREF                  (abs)         00000
__CFG_DSWDTPS$8192                        (abs)         00000
__CFG_FCMEN$OFF                           (abs)         00000
__CFG_IESO$OFF                            (abs)         00000
__CFG_IOL1WAY$OFF                         (abs)         00000
__CFG_MSSP7B_EN$MSK7                      (abs)         00000
__CFG_OSC$HSPLL                           (abs)         00000
__CFG_PLLDIV$4                            (abs)         00000
__CFG_RTCOSC$T1OSCREF                     (abs)         00000
__CFG_STVREN$ON                           (abs)         00000
__CFG_WDTEN$OFF                           (abs)         00000
__CFG_WDTPS$32768                         (abs)         00000
__CFG_WPCFG$OFF                           (abs)         00000
__CFG_WPDIS$OFF                           (abs)         00000
__CFG_WPEND$PAGE_0                        (abs)         00000
__CFG_WPFP$PAGE_1                         (abs)         00000
__CFG_XINST$OFF                           (abs)         00000
__HRAM                                    (abs)         00000
__Habs1                                   abs1          00000
__Hbank0                                  bank0         00000
__Hbank1                                  bank1         00000
__Hbank10                                 bank10        00000
__Hbank11                                 bank11        00000
__Hbank12                                 bank12        00000
__Hbank13                                 bank13        00000
__Hbank14                                 bank14        00000
__Hbank2                                  bank2         00000
__Hbank3                                  bank3         00000
__Hbank4                                  bank4         00000
__Hbank5                                  bank5         00000
__Hbank6                                  bank6         00000
__Hbank7                                  bank7         00000
__Hbank8                                  bank8         00000
__Hbank9                                  bank9         00000
__Hbigbss                                 bigbss        00000
__Hbigdata                                bigdata       00000
__Hbigram                                 bigram        00000
__Hbss                                    bss           00000
__HbssBANK0                               bssBANK0      00000
__HbssCOMRAM                              bssCOMRAM     00000
__Hcinit                                  cinit         00000
__Hclrtext                                clrtext       00000
__Hcomram                                 comram        00000
__Hconfig                                 config        20000
__Hconst                                  const         00000
__HcstackBANK0                            cstackBANK0   00000
__HcstackCOMRAM                           cstackCOMRAM  00000
__Hdata                                   data          00000
__Hend_init                               end_init      00082
__Hfarbss                                 farbss        00000
__Hfardata                                fardata       00000
__Hibigdata                               ibigdata      00000
__Hidata                                  idata         00000
__Hidloc                                  idloc         00000
__Hifardata                               ifardata      00000
__Hinit                                   init          0007E
__Hintcode                                intcode       0007E
__Hintcode_body                           intcode_body  00000
__Hintcodelo                              intcodelo     0007E
__Hintentry                               intentry      00000
__Hintret                                 intret        00000
__Hintsave_regs                           intsave_regs  00000
__Hirdata                                 irdata        00000
__Hjflash_buffer                          jflash_buffer 1F800
__Hmediumconst                            mediumconst   00000
__HnvFARRAM                               nvFARRAM      00000
__Hnvbit                                  nvbit         00000
__Hnvrram                                 nvrram        00000
__Hparam                                  rparam        00000
__Hpowerup                                powerup       0007E
__Hram                                    ram           00000
__Hramtop                                 ramtop        00F00
__Hrbit                                   rbit          00000
__Hrbss                                   rbss          00000
__Hrdata                                  rdata         00000
__Hreset_vec                              reset_vec     00004
__Hrparam                                 rparam        00000
__Hsfr                                    sfr           00000
__Hsmallconst                             smallconst    00FD4
__Hspace_0                                (abs)         20000
__Hspace_1                                (abs)         000EF
__Hspace_2                                (abs)         00000
__Hstack                                  stack         00000
__Hstruct                                 struct        00000
__Htemp                                   temp          00052
__Htext                                   text          00000
__Htext0                                  text0         00000
__Htext1                                  text1         00000
__Htext10                                 text10        00000
__Htext11                                 text11        00000
__Htext12                                 text12        00000
__Htext13                                 text13        00000
__Htext14                                 text14        00000
__Htext15                                 text15        00000
__Htext16                                 text16        00000
__Htext17                                 text17        00000
__Htext18                                 text18        00000
__Htext19                                 text19        00000
__Htext2                                  text2         00000
__Htext20                                 text20        00000
__Htext21                                 text21        00000
__Htext22                                 text22        00000
__Htext23                                 text23        00000
__Htext24                                 text24        00000
__Htext25                                 text25        00000
__Htext26                                 text26        00000
__Htext27                                 text27        00000
__Htext28                                 text28        00000
__Htext29                                 text29        00000
__Htext3                                  text3         00000
__Htext30                                 text30        00000
__Htext31                                 text31        00000
__Htext32                                 text32        00000
__Htext33                                 text33        00000
__Htext34                                 text34        00000
__Htext35                                 text35        00000
__Htext36                                 text36        00000
__Htext37                                 text37        00000
__Htext38                                 text38        00000
__Htext39                                 text39        00000
__Htext4                                  text4         00000
__Htext40                                 text40        00000
__Htext41                                 text41        00000
__Htext42                                 text42        00000
__Htext43                                 text43        00000
__Htext5                                  text5         00000
__Htext6                                  text6         00000
__Htext7                                  text7         00000
__Htext8                                  text8         00000
__Htext9                                  text9         00000
__LRAM                                    (abs)         00001
__Labs1                                   abs1          00000
__Lbank0                                  bank0         00000
__Lbank1                                  bank1         00000
__Lbank10                                 bank10        00000
__Lbank11                                 bank11        00000
__Lbank12                                 bank12        00000
__Lbank13                                 bank13        00000
__Lbank14                                 bank14        00000
__Lbank2                                  bank2         00000
__Lbank3                                  bank3         00000
__Lbank4                                  bank4         00000
__Lbank5                                  bank5         00000
__Lbank6                                  bank6         00000
__Lbank7                                  bank7         00000
__Lbank8                                  bank8         00000
__Lbank9                                  bank9         00000
__Lbigbss                                 bigbss        00000
__Lbigdata                                bigdata       00000
__Lbigram                                 bigram        00000
__Lbss                                    bss           00000
__LbssBANK0                               bssBANK0      00000
__LbssCOMRAM                              bssCOMRAM     00000
__Lcinit                                  cinit         00000
__Lclrtext                                clrtext       00000
__Lcomram                                 comram        00000
__Lconfig                                 config        1FFF8
__Lconst                                  const         00000
__LcstackBANK0                            cstackBANK0   00000
__LcstackCOMRAM                           cstackCOMRAM  00000
__Ldata                                   data          00000
__Lend_init                               end_init      0007E
__Lfarbss                                 farbss        00000
__Lfardata                                fardata       00000
__Libigdata                               ibigdata      00000
__Lidata                                  idata         00000
__Lidloc                                  idloc         00000
__Lifardata                               ifardata      00000
__Linit                                   init          0007E
__Lintcode                                intcode       00008
__Lintcode_body                           intcode_body  00000
__Lintcodelo                              intcodelo     0007E
__Lintentry                               intentry      00000
__Lintret                                 intret        00000
__Lintsave_regs                           intsave_regs  00000
__Lirdata                                 irdata        00000
__Ljflash_buffer                          jflash_buffer 1F800
__Lmediumconst                            mediumconst   00000
__LnvFARRAM                               nvFARRAM      00000
__Lnvbit                                  nvbit         00000
__Lnvrram                                 nvrram        00000
__Lparam                                  rparam        00000
__Lpowerup                                powerup       0007E
__Lram                                    ram           00000
__Lramtop                                 ramtop        00F00
__Lrbit                                   rbit          00000
__Lrbss                                   rbss          00000
__Lrdata                                  rdata         00000
__Lreset_vec                              reset_vec     00000
__Lrparam                                 rparam        00000
__Lsfr                                    sfr           00000
__Lsmallconst                             smallconst    00F00
__Lspace_0                                (abs)         00000
__Lspace_1                                (abs)         00000
__Lspace_2                                (abs)         00000
__Lstack                                  stack         00000
__Lstruct                                 struct        00000
__Ltemp                                   temp          00051
__Ltext                                   text          00000
__Ltext0                                  text0         00000
__Ltext1                                  text1         00000
__Ltext10                                 text10        00000
__Ltext11                                 text11        00000
__Ltext12                                 text12        00000
__Ltext13                                 text13        00000
__Ltext14                                 text14        00000
__Ltext15                                 text15        00000
__Ltext16                                 text16        00000
__Ltext17                                 text17        00000
__Ltext18                                 text18        00000
__Ltext19                                 text19        00000
__Ltext2                                  text2         00000
__Ltext20                                 text20        00000
__Ltext21                                 text21        00000
__Ltext22                                 text22        00000
__Ltext23                                 text23        00000
__Ltext24                                 text24        00000
__Ltext25                                 text25        00000
__Ltext26                                 text26        00000
__Ltext27                                 text27        00000
__Ltext28                                 text28        00000
__Ltext29                                 text29        00000
__Ltext3                                  text3         00000
__Ltext30                                 text30        00000
__Ltext31                                 text31        00000
__Ltext32                                 text32        00000
__Ltext33                                 text33        00000
__Ltext34                                 text34        00000
__Ltext35                                 text35        00000
__Ltext36                                 text36        00000
__Ltext37                                 text37        00000
__Ltext38                                 text38        00000
__Ltext39                                 text39        00000
__Ltext4                                  text4         00000
__Ltext40                                 text40        00000
__Ltext41                                 text41        00000
__Ltext42                                 text42        00000
__Ltext43                                 text43        00000
__Ltext5                                  text5         00000
__Ltext6                                  text6         00000
__Ltext7                                  text7         00000
__Ltext8                                  text8         00000
__Ltext9                                  text9         00000
__S0                                      (abs)         20000
__S1                                      (abs)         000EF
__S2                                      (abs)         00000
___inthi_sp                               stack         00000
___intlo_sp                               stack         00000
___param_bank                             (abs)         00010
___rparam_used                            (abs)         00001
___sp                                     stack         00000
__accesstop                               (abs)         00060
__activetblptr                            (abs)         00003
__end_of_APP_DeviceAudioMIDIInitialize    text23        027AA
__end_of_APP_DeviceAudioMIDISOFHandler    text22        028C2
__end_of_APP_DeviceAudioMIDITasks         text36        025B4
__end_of_APP_LEDUpdateUSBStatus           text19        0229E
__end_of_ConfigSPIPeriph                  text35        028C0
__end_of_InitSPIPins                      text34        0289E
__end_of_LED_Off                          text21        02864
__end_of_LED_On                           text20        02842
__end_of_SPIReadWrite                     text38        028B0
__end_of_SYSTEM_Initialize                text33        02560
__end_of_SYS_InterruptHigh                intcode       0007E
__end_of_USBCheckStdRequest               text12        01CB6
__end_of_USBConfigureEndpoint             text27        0221E
__end_of_USBCtrlEPAllowDataStage          text11        0218A
__end_of_USBCtrlEPAllowStatusStage        text30        01F10
__end_of_USBCtrlEPService                 text7         02058
__end_of_USBCtrlEPServiceComplete         text10        019F4
__end_of_USBCtrlTrfInHandler              text31        01E4E
__end_of_USBCtrlTrfOutHandler             text28        0250C
__end_of_USBCtrlTrfRxService              text29        01800
__end_of_USBCtrlTrfSetupHandler           text9         020F2
__end_of_USBCtrlTrfTxService              text32        01D88
__end_of_USBDeviceInit                    text6         015B6
__end_of_USBDeviceTasks                   text1         01466
__end_of_USBEnableEndpoint                text26        0273E
__end_of_USBIncrement1msInternalTimers    text5         02884
__end_of_USBStallHandler                  text4         02642
__end_of_USBStdFeatureReqHandler          text17        012D2
__end_of_USBStdGetDscHandler              text16        016E8
__end_of_USBStdGetStatusHandler           text15        01FBA
__end_of_USBStdSetCfgHandler              text13        01BD4
__end_of_USBSuspend                       text3         02774
__end_of_USBTransferOnePacket             text43        01902
__end_of_USBWakeFromSuspend               text2         02702
__end_of_USB_CD_Ptr                       smallconst    00F09
__end_of_USB_SD_Ptr                       smallconst    00F07
__end_of_USER_USB_CALLBACK_EVENT_HANDLER  text18        0238A
__end_of__initialization                  cinit         02816
__end_of_configDescriptor1                smallconst    00F6E
__end_of_device_dsc                       smallconst    00FCE
__end_of_handleButtons                    text39        01AE6
__end_of_initButtons                      text24        025FC
__end_of_main                             text0         02686
__end_of_memcpy                           text8         026C6
__end_of_memset                           text14        027D6
__end_of_newButton                        text25        027FE
__end_of_scanButtonsHardware              text37        0231A
__end_of_sd000                            smallconst    00FD2
__end_of_sd001                            smallconst    00FA2
__end_of_sd002                            smallconst    00FBC
__end_of_sendMidiControlChange            text42        024B0
__end_of_sendMidiNoteOff                  text41        0244E
__end_of_sendMidiNoteOn                   text40        023EC
__initialization                          cinit         027FE
__mediumconst                             mediumconst   00000
__pbssBANK0                               bssBANK0      00060
__pbssCOMRAM                              bssCOMRAM     00001
__pcinit                                  cinit         027FE
__pcstackBANK0                            cstackBANK0   000E1
__pcstackCOMRAM                           cstackCOMRAM  00031
__pintcode                                intcode       00008
__psmallconst                             smallconst    00F00
__ptext0                                  text0         02642
__ptext1                                  text1         012D2
__ptext10                                 text10        01902
__ptext11                                 text11        020F2
__ptext12                                 text12        01BD4
__ptext13                                 text13        01AE6
__ptext14                                 text14        027AA
__ptext15                                 text15        01F10
__ptext16                                 text16        015B6
__ptext17                                 text17        00FD4
__ptext18                                 text18        0231A
__ptext19                                 text19        0221E
__ptext2                                  text2         026C6
__ptext20                                 text20        02820
__ptext21                                 text21        02842
__ptext22                                 text22        028C0
__ptext23                                 text23        02774
__ptext24                                 text24        025B4
__ptext25                                 text25        027D6
__ptext26                                 text26        02702
__ptext27                                 text27        0218A
__ptext28                                 text28        024B0
__ptext29                                 text29        016E8
__ptext3                                  text3         0273E
__ptext30                                 text30        01E4E
__ptext31                                 text31        01D88
__ptext32                                 text32        01CB6
__ptext33                                 text33        0250C
__ptext34                                 text34        02884
__ptext35                                 text35        028B0
__ptext36                                 text36        02560
__ptext37                                 text37        0229E
__ptext38                                 text38        0289E
__ptext39                                 text39        019F4
__ptext4                                  text4         025FC
__ptext40                                 text40        0238A
__ptext41                                 text41        023EC
__ptext42                                 text42        0244E
__ptext43                                 text43        01800
__ptext5                                  text5         02864
__ptext6                                  text6         01466
__ptext7                                  text7         01FBA
__ptext8                                  text8         02686
__ptext9                                  text9         02058
__ramtop                                  ramtop        00F00
__size_of_APP_DeviceAudioMIDIInitialize   (abs)         00000
__size_of_APP_DeviceAudioMIDISOFHandler   (abs)         00000
__size_of_APP_DeviceAudioMIDITasks        (abs)         00000
__size_of_APP_LEDUpdateUSBStatus          (abs)         00000
__size_of_ConfigSPIPeriph                 (abs)         00000
__size_of_InitSPIPins                     (abs)         00000
__size_of_LED_Off                         (abs)         00000
__size_of_LED_On                          (abs)         00000
__size_of_SPIReadWrite                    (abs)         00000
__size_of_SYSTEM_Initialize               (abs)         00000
__size_of_SYS_InterruptHigh               (abs)         00000
__size_of_USBCheckStdRequest              (abs)         00000
__size_of_USBConfigureEndpoint            (abs)         00000
__size_of_USBCtrlEPAllowDataStage         (abs)         00000
__size_of_USBCtrlEPAllowStatusStage       (abs)         00000
__size_of_USBCtrlEPService                (abs)         00000
__size_of_USBCtrlEPServiceComplete        (abs)         00000
__size_of_USBCtrlTrfInHandler             (abs)         00000
__size_of_USBCtrlTrfOutHandler            (abs)         00000
__size_of_USBCtrlTrfRxService             (abs)         00000
__size_of_USBCtrlTrfSetupHandler          (abs)         00000
__size_of_USBCtrlTrfTxService             (abs)         00000
__size_of_USBDeviceInit                   (abs)         00000
__size_of_USBDeviceTasks                  (abs)         00000
__size_of_USBEnableEndpoint               (abs)         00000
__size_of_USBIncrement1msInternalTimers   (abs)         00000
__size_of_USBStallHandler                 (abs)         00000
__size_of_USBStdFeatureReqHandler         (abs)         00000
__size_of_USBStdGetDscHandler             (abs)         00000
__size_of_USBStdGetStatusHandler          (abs)         00000
__size_of_USBStdSetCfgHandler             (abs)         00000
__size_of_USBSuspend                      (abs)         00000
__size_of_USBTransferOnePacket            (abs)         00000
__size_of_USBWakeFromSuspend              (abs)         00000
__size_of_USER_USB_CALLBACK_EVENT_HANDLER (abs)         00000
__size_of_handleButtons                   (abs)         00000
__size_of_initButtons                     (abs)         00000
__size_of_main                            (abs)         00000
__size_of_memcpy                          (abs)         00000
__size_of_memset                          (abs)         00000
__size_of_newButton                       (abs)         00000
__size_of_scanButtonsHardware             (abs)         00000
__size_of_sendMidiControlChange           (abs)         00000
__size_of_sendMidiNoteOff                 (abs)         00000
__size_of_sendMidiNoteOn                  (abs)         00000
__smallconst                              smallconst    00F00
_configDescriptor1                        smallconst    00F09
_controlTransferState                     bssCOMRAM     00024
_count                                    bssBANK0      0009D
_data                                     bssCOMRAM     00025
_device_dsc                               smallconst    00FBC
_endpoint_number                          bssCOMRAM     00026
_ep_data_in                               bssCOMRAM     00011
_ep_data_out                              bssCOMRAM     00013
_handleButtons                            text39        019F4
_inPipes                                  bssCOMRAM     00001
_initButtons                              text24        025B4
_k                                        bssCOMRAM     00027
_main                                     text0         02642
_memcpy                                   text8         02686
_memset                                   text14        027AA
_newButton                                text25        027D6
_outPipes                                 bssBANK0      00088
_pBDTEntryEP0OutCurrent                   bssCOMRAM     00015
_pBDTEntryEP0OutNext                      bssCOMRAM     00017
_pBDTEntryIn                              bssCOMRAM     00007
_pBDTEntryOut                             bssBANK0      00099
_pDst                                     bssBANK0      0009F
_rx                                       bssCOMRAM     00028
_scanButtonsHardware                      text37        0229E
_sd000                                    smallconst    00FCE
_sd001                                    smallconst    00F6E
_sd002                                    smallconst    00FA2
_sendMidiControlChange                    text42        0244E
_sendMidiNoteOff                          text41        023EC
_sendMidiNoteOn                           text40        0238A
_shortPacketStatus                        bssCOMRAM     00029
btemp                                     temp          00051
end_of_initialization                     cinit         02816
initButtons@button                        cstackCOMRAM  0004A
int$flags                                 temp          00051
intlevel0                                 text          00000
intlevel1                                 text          00000
intlevel2                                 text          00000
intlevel3                                 text          00000
memcpy@d                                  cstackCOMRAM  00045
memcpy@d1                                 cstackCOMRAM  0003F
memcpy@n                                  cstackCOMRAM  00043
memcpy@s                                  cstackCOMRAM  00047
memcpy@s1                                 cstackCOMRAM  00041
memset@c                                  cstackCOMRAM  00041
memset@n                                  cstackCOMRAM  00043
memset@p                                  cstackCOMRAM  00045
memset@p1                                 cstackCOMRAM  0003F
midi_interface@midiData                   bssCOMRAM     0002A
newButton@button                          cstackCOMRAM  00045
newButton@cc                              cstackCOMRAM  0003F
scanButtonsHardware@states                cstackCOMRAM  00041
sendMidiControlChange@cc                  cstackCOMRAM  0004C
sendMidiControlChange@channel             cstackCOMRAM  0004B
sendMidiControlChange@velocity            cstackCOMRAM  0004A
sendMidiNoteOff@cc                        cstackCOMRAM  0004C
sendMidiNoteOff@channel                   cstackCOMRAM  0004B
sendMidiNoteOff@velocity                  cstackCOMRAM  0004A
sendMidiNoteOn@cc                         cstackCOMRAM  0004C
sendMidiNoteOn@channel                    cstackCOMRAM  0004B
sendMidiNoteOn@velocity                   cstackCOMRAM  0004A
stackhi                                   (abs)         00CFF
stacklo                                   (abs)         000EF
start                                     init          0007E
start_initialization                      cinit         027FE


FUNCTION INFORMATION:

 *************** function _main *****************
 Defined at:
		line 13 in file "main.c"
 Parameters:    Size  Location     Type
		None
 Auto vars:     Size  Location     Type
		None
 Return value:  Size  Location     Type
                  1    wreg      void 
 Registers used:
		wreg, fsr0l, fsr0h, fsr1l, fsr1h, fsr2l, fsr2h, status,2, status,0, tblptrl, tblptrh, tblptru, prodl, prodh, cstack
 Tracked objects:
		On entry : 
		On exit  : 
		Unchanged: 
 Data sizes:     COMRAM   BANK0   BANK1   BANK2   BANK3   BANK4   BANK5   BANK6   BANK7   BANK8   BANK9  BANK10  BANK11  BANK12  BANK13  BANK14
      Params:         0       0       0       0       0       0       0       0       0       0       0       0       0       0       0       0
      Locals:         0       0       0       0       0       0       0       0       0       0       0       0       0       0       0       0
      Temps:          0       0       0       0       0       0       0       0       0       0       0       0       0       0       0       0
      Totals:         0       0       0       0       0       0       0       0       0       0       0       0       0       0       0       0
Total ram usage:        0 bytes
 Hardware stack levels required when called:   10
 This function calls:
		_APP_DeviceAudioMIDITasks
		_ConfigSPIPeriph
		_InitSPIPins
		_SPIReadWrite
		_SYSTEM_Initialize
		_USBDeviceInit
		_USBDeviceTasks
 This function is called by:
		Startup code after reset
 This function uses a non-reentrant model


 *************** function _USBDeviceTasks *****************
 Defined at:
		line 477 in file "usb_device.c"
 Parameters:    Size  Location     Type
		None
 Auto vars:     Size  Location     Type
  i               1   13[BANK0 ] unsigned char 
 Return value:  Size  Location     Type
                  1    wreg      void 
 Registers used:
		wreg, fsr0l, fsr0h, fsr1l, fsr1h, fsr2l, fsr2h, status,2, status,0, tblptrl, tblptrh, tblptru, prodl, prodh, cstack
 Tracked objects:
		On entry : 
		On exit  : 
		Unchanged: 
 Data sizes:     COMRAM   BANK0   BANK1   BANK2   BANK3   BANK4   BANK5   BANK6   BANK7   BANK8   BANK9  BANK10  BANK11  BANK12  BANK13  BANK14
      Params:         0       0       0       0       0       0       0       0       0       0       0       0       0       0       0       0
      Locals:         0       1       0       0       0       0       0       0       0       0       0       0       0       0       0       0
      Temps:          0       0       0       0       0       0       0       0       0       0       0       0       0       0       0       0
      Totals:         0       1       0       0       0       0       0       0       0       0       0       0       0       0       0       0
Total ram usage:        1 bytes
 Hardware stack levels used:    1
 Hardware stack levels required when called:    9
 This function calls:
		_USBCtrlEPAllowStatusStage
		_USBCtrlEPService
		_USBDeviceInit
		_USBIncrement1msInternalTimers
		_USBStallHandler
		_USBSuspend
		_USBWakeFromSuspend
		_USER_USB_CALLBACK_EVENT_HANDLER
 This function is called by:
		_main
 This function uses a non-reentrant model


 *************** function _USBWakeFromSuspend *****************
 Defined at:
		line 2303 in file "usb_device.c"
 Parameters:    Size  Location     Type
		None
 Auto vars:     Size  Location     Type
		None
 Return value:  Size  Location     Type
                  1    wreg      void 
 Registers used:
		wreg, fsr0l, fsr0h, fsr1l, fsr1h, fsr2l, fsr2h, status,2, status,0, prodl, prodh, cstack
 Tracked objects:
		On entry : 
		On exit  : 
		Unchanged: 
 Data sizes:     COMRAM   BANK0   BANK1   BANK2   BANK3   BANK4   BANK5   BANK6   BANK7   BANK8   BANK9  BANK10  BANK11  BANK12  BANK13  BANK14
      Params:         0       0       0       0       0       0       0       0       0       0       0       0       0       0       0       0
      Locals:         0       0       0       0       0       0       0       0       0       0       0       0       0       0       0       0
      Temps:          0       0       0       0       0       0       0       0       0       0       0       0       0       0       0       0
      Totals:         0       0       0       0       0       0       0       0       0       0       0       0       0       0       0       0
Total ram usage:        0 bytes
 Hardware stack levels used:    1
 Hardware stack levels required when called:    5
 This function calls:
		_USER_USB_CALLBACK_EVENT_HANDLER
 This function is called by:
		_USBDeviceTasks
 This function uses a non-reentrant model


 *************** function _USBSuspend *****************
 Defined at:
		line 2245 in file "usb_device.c"
 Parameters:    Size  Location     Type
		None
 Auto vars:     Size  Location     Type
		None
 Return value:  Size  Location     Type
                  1    wreg      void 
 Registers used:
		wreg, fsr0l, fsr0h, fsr1l, fsr1h, fsr2l, fsr2h, status,2, status,0, prodl, prodh, cstack
 Tracked objects:
		On entry : 
		On exit  : 
		Unchanged: 
 Data sizes:     COMRAM   BANK0   BANK1   BANK2   BANK3   BANK4   BANK5   BANK6   BANK7   BANK8   BANK9  BANK10  BANK11  BANK12  BANK13  BANK14
      Params:         0       0       0       0       0       0       0       0       0       0       0       0       0       0       0       0
      Locals:         0       0       0       0       0       0       0       0       0       0       0       0       0       0       0       0
      Temps:          0       0       0       0       0       0       0       0       0       0       0       0       0       0       0       0
      Totals:         0       0       0       0       0       0       0       0       0       0       0       0       0       0       0       0
Total ram usage:        0 bytes
 Hardware stack levels used:    1
 Hardware stack levels required when called:    5
 This function calls:
		_USER_USB_CALLBACK_EVENT_HANDLER
 This function is called by:
		_USBDeviceTasks
 This function uses a non-reentrant model


 *************** function _USBStallHandler *****************
 Defined at:
		line 2202 in file "usb_device.c"
 Parameters:    Size  Location     Type
		None
 Auto vars:     Size  Location     Type
		None
 Return value:  Size  Location     Type
                  1    wreg      void 
 Registers used:
		wreg, fsr2l, fsr2h, status,2, status,0
 Tracked objects:
		On entry : 
		On exit  : 
		Unchanged: 
 Data sizes:     COMRAM   BANK0   BANK1   BANK2   BANK3   BANK4   BANK5   BANK6   BANK7   BANK8   BANK9  BANK10  BANK11  BANK12  BANK13  BANK14
      Params:         0       0       0       0       0       0       0       0       0       0       0       0       0       0       0       0
      Locals:         0       0       0       0       0       0       0       0       0       0       0       0       0       0       0       0
      Temps:          1       0       0       0       0       0       0       0       0       0       0       0       0       0       0       0
      Totals:         1       0       0       0       0       0       0       0       0       0       0       0       0       0       0       0
Total ram usage:        1 bytes
 Hardware stack levels used:    1
 Hardware stack levels required when called:    1
 This function calls:
		Nothing
 This function is called by:
		_USBDeviceTasks
 This function uses a non-reentrant model


 *************** function _USBIncrement1msInternalTimers *****************
 Defined at:
		line 3025 in file "usb_device.c"
 Parameters:    Size  Location     Type
		None
 Auto vars:     Size  Location     Type
		None
 Return value:  Size  Location     Type
                  1    wreg      void 
 Registers used:
		wreg, status,2, status,0
 Tracked objects:
		On entry : 
		On exit  : 
		Unchanged: 
 Data sizes:     COMRAM   BANK0   BANK1   BANK2   BANK3   BANK4   BANK5   BANK6   BANK7   BANK8   BANK9  BANK10  BANK11  BANK12  BANK13  BANK14
      Params:         0       0       0       0       0       0       0       0       0       0       0       0       0       0       0       0
      Locals:         0       0       0       0       0       0       0       0       0       0       0       0       0       0       0       0
      Temps:          0       0       0       0       0       0       0       0       0       0       0       0       0       0       0       0
      Totals:         0       0       0       0       0       0       0       0       0       0       0       0       0       0       0       0
Total ram usage:        0 bytes
 Hardware stack levels used:    1
 Hardware stack levels required when called:    1
 This function calls:
		Nothing
 This function is called by:
		_USBDeviceTasks
 This function uses a non-reentrant model


 *************** function _USBDeviceInit *****************
 Defined at:
		line 277 in file "usb_device.c"
 Parameters:    Size  Location     Type
		None
 Auto vars:     Size  Location     Type
  i               1   22[COMRAM] unsigned char 
 Return value:  Size  Location     Type
                  1    wreg      void 
 Registers used:
		wreg, fsr2l, fsr2h, status,2, status,0, prodl, prodh, cstack
 Tracked objects:
		On entry : 
		On exit  : 
		Unchanged: 
 Data sizes:     COMRAM   BANK0   BANK1   BANK2   BANK3   BANK4   BANK5   BANK6   BANK7   BANK8   BANK9  BANK10  BANK11  BANK12  BANK13  BANK14
      Params:         0       0       0       0       0       0       0       0       0       0       0       0       0       0       0       0
      Locals:         1       0       0       0       0       0       0       0       0       0       0       0       0       0       0       0
      Temps:          0       0       0       0       0       0       0       0       0       0       0       0       0       0       0       0
      Totals:         1       0       0       0       0       0       0       0       0       0       0       0       0       0       0       0
Total ram usage:        1 bytes
 Hardware stack levels used:    1
 Hardware stack levels required when called:    2
 This function calls:
		_memset
 This function is called by:
		_USBDeviceTasks
		_main
 This function uses a non-reentrant model


 *************** function _USBCtrlEPService *****************
 Defined at:
		line 2372 in file "usb_device.c"
 Parameters:    Size  Location     Type
		None
 Auto vars:     Size  Location     Type
		None
 Return value:  Size  Location     Type
                  1    wreg      void 
 Registers used:
		wreg, fsr0l, fsr0h, fsr1l, fsr1h, fsr2l, fsr2h, status,2, status,0, tblptrl, tblptrh, tblptru, prodl, prodh, cstack
 Tracked objects:
		On entry : 
		On exit  : 
		Unchanged: 
 Data sizes:     COMRAM   BANK0   BANK1   BANK2   BANK3   BANK4   BANK5   BANK6   BANK7   BANK8   BANK9  BANK10  BANK11  BANK12  BANK13  BANK14
      Params:         0       0       0       0       0       0       0       0       0       0       0       0       0       0       0       0
      Locals:         0       0       0       0       0       0       0       0       0       0       0       0       0       0       0       0
      Temps:          0       1       0       0       0       0       0       0       0       0       0       0       0       0       0       0
      Totals:         0       1       0       0       0       0       0       0       0       0       0       0       0       0       0       0
Total ram usage:        1 bytes
 Hardware stack levels used:    1
 Hardware stack levels required when called:    8
 This function calls:
		_USBCtrlTrfInHandler
		_USBCtrlTrfOutHandler
		_USBCtrlTrfSetupHandler
		_memcpy
 This function is called by:
		_USBDeviceTasks
 This function uses a non-reentrant model


 *************** function _memcpy *****************
 Defined at:
		line 11 in file "C:\Program Files (x86)\Microchip\xc8\v1.38\sources\common\memcpy.c"
 Parameters:    Size  Location     Type
  d1              2   14[COMRAM] PTR void 
		 -> SetupPkt(8), 
  s1              2   16[COMRAM] PTR const void 
		 -> midi_interface@midiData(4), CtrlTrfData(8), RAM(3759), SetupPkt(8), 
		 -> ReceivedDataBuffer(64), 
  n               2   18[COMRAM] unsigned int 
 Auto vars:     Size  Location     Type
  s               2   22[COMRAM] PTR const unsigned char 
		 -> midi_interface@midiData(4), CtrlTrfData(8), RAM(3759), SetupPkt(8), 
		 -> ReceivedDataBuffer(64), 
  d               2   20[COMRAM] PTR unsigned char 
		 -> SetupPkt(8), 
 Return value:  Size  Location     Type
                  2   14[COMRAM] PTR void 
 Registers used:
		wreg, fsr1l, fsr1h, fsr2l, fsr2h, status,2, status,0
 Tracked objects:
		On entry : 
		On exit  : 
		Unchanged: 
 Data sizes:     COMRAM   BANK0   BANK1   BANK2   BANK3   BANK4   BANK5   BANK6   BANK7   BANK8   BANK9  BANK10  BANK11  BANK12  BANK13  BANK14
      Params:         6       0       0       0       0       0       0       0       0       0       0       0       0       0       0       0
      Locals:         4       0       0       0       0       0       0       0       0       0       0       0       0       0       0       0
      Temps:          0       0       0       0       0       0       0       0       0       0       0       0       0       0       0       0
      Totals:        10       0       0       0       0       0       0       0       0       0       0       0       0       0       0       0
Total ram usage:       10 bytes
 Hardware stack levels used:    1
 Hardware stack levels required when called:    1
 This function calls:
		Nothing
 This function is called by:
		_USBCtrlEPService
 This function uses a non-reentrant model


 *************** function _USBCtrlTrfSetupHandler *****************
 Defined at:
		line 2465 in file "usb_device.c"
 Parameters:    Size  Location     Type
		None
 Auto vars:     Size  Location     Type
		None
 Return value:  Size  Location     Type
                  1    wreg      void 
 Registers used:
		wreg, fsr0l, fsr0h, fsr1l, fsr1h, fsr2l, fsr2h, status,2, status,0, tblptrl, tblptrh, tblptru, prodl, prodh, cstack
 Tracked objects:
		On entry : 
		On exit  : 
		Unchanged: 
 Data sizes:     COMRAM   BANK0   BANK1   BANK2   BANK3   BANK4   BANK5   BANK6   BANK7   BANK8   BANK9  BANK10  BANK11  BANK12  BANK13  BANK14
      Params:         0       0       0       0       0       0       0       0       0       0       0       0       0       0       0       0
      Locals:         0       0       0       0       0       0       0       0       0       0       0       0       0       0       0       0
      Temps:          0       0       0       0       0       0       0       0       0       0       0       0       0       0       0       0
      Totals:         0       0       0       0       0       0       0       0       0       0       0       0       0       0       0       0
Total ram usage:        0 bytes
 Hardware stack levels used:    1
 Hardware stack levels required when called:    7
 This function calls:
		_USBCheckStdRequest
		_USBCtrlEPServiceComplete
		_USER_USB_CALLBACK_EVENT_HANDLER
 This function is called by:
		_USBCtrlEPService
 This function uses a non-reentrant model


 *************** function _USBCtrlEPServiceComplete *****************
 Defined at:
		line 1616 in file "usb_device.c"
 Parameters:    Size  Location     Type
		None
 Auto vars:     Size  Location     Type
		None
 Return value:  Size  Location     Type
                  1    wreg      void 
 Registers used:
		wreg, fsr0l, fsr0h, fsr2l, fsr2h, status,2, status,0, tblptrl, tblptrh, tblptru, cstack
 Tracked objects:
		On entry : 
		On exit  : 
		Unchanged: 
 Data sizes:     COMRAM   BANK0   BANK1   BANK2   BANK3   BANK4   BANK5   BANK6   BANK7   BANK8   BANK9  BANK10  BANK11  BANK12  BANK13  BANK14
      Params:         0       0       0       0       0       0       0       0       0       0       0       0       0       0       0       0
      Locals:         0       0       0       0       0       0       0       0       0       0       0       0       0       0       0       0
      Temps:          0       0       0       0       0       0       0       0       0       0       0       0       0       0       0       0
      Totals:         0       0       0       0       0       0       0       0       0       0       0       0       0       0       0       0
Total ram usage:        0 bytes
 Hardware stack levels used:    1
 Hardware stack levels required when called:    3
 This function calls:
		_USBCtrlEPAllowDataStage
		_USBCtrlEPAllowStatusStage
 This function is called by:
		_USBCtrlTrfSetupHandler
 This function uses a non-reentrant model


 *************** function _USBCtrlEPAllowDataStage *****************
 Defined at:
		line 1488 in file "usb_device.c"
 Parameters:    Size  Location     Type
		None
 Auto vars:     Size  Location     Type
		None
 Return value:  Size  Location     Type
                  1    wreg      void 
 Registers used:
		wreg, fsr0l, fsr0h, fsr2l, fsr2h, status,2, status,0, tblptrl, tblptrh, tblptru, cstack
 Tracked objects:
		On entry : 
		On exit  : 
		Unchanged: 
 Data sizes:     COMRAM   BANK0   BANK1   BANK2   BANK3   BANK4   BANK5   BANK6   BANK7   BANK8   BANK9  BANK10  BANK11  BANK12  BANK13  BANK14
      Params:         0       0       0       0       0       0       0       0       0       0       0       0       0       0       0       0
      Locals:         0       0       0       0       0       0       0       0       0       0       0       0       0       0       0       0
      Temps:          0       0       0       0       0       0       0       0       0       0       0       0       0       0       0       0
      Totals:         0       0       0       0       0       0       0       0       0       0       0       0       0       0       0       0
Total ram usage:        0 bytes
 Hardware stack levels used:    1
 Hardware stack levels required when called:    2
 This function calls:
		_USBCtrlTrfTxService
 This function is called by:
		_USBCtrlEPServiceComplete
 This function uses a non-reentrant model


 *************** function _USBCheckStdRequest *****************
 Defined at:
		line 2686 in file "usb_device.c"
 Parameters:    Size  Location     Type
		None
 Auto vars:     Size  Location     Type
		None
 Return value:  Size  Location     Type
                  1    wreg      void 
 Registers used:
		wreg, fsr0l, fsr0h, fsr1l, fsr1h, fsr2l, fsr2h, status,2, status,0, tblptrl, tblptrh, tblptru, prodl, prodh, cstack
 Tracked objects:
		On entry : 
		On exit  : 
		Unchanged: 
 Data sizes:     COMRAM   BANK0   BANK1   BANK2   BANK3   BANK4   BANK5   BANK6   BANK7   BANK8   BANK9  BANK10  BANK11  BANK12  BANK13  BANK14
      Params:         0       0       0       0       0       0       0       0       0       0       0       0       0       0       0       0
      Locals:         0       0       0       0       0       0       0       0       0       0       0       0       0       0       0       0
      Temps:          0       0       0       0       0       0       0       0       0       0       0       0       0       0       0       0
      Totals:         0       0       0       0       0       0       0       0       0       0       0       0       0       0       0       0
Total ram usage:        0 bytes
 Hardware stack levels used:    1
 Hardware stack levels required when called:    6
 This function calls:
		_USBStdFeatureReqHandler
		_USBStdGetDscHandler
		_USBStdGetStatusHandler
		_USBStdSetCfgHandler
		_USER_USB_CALLBACK_EVENT_HANDLER
 This function is called by:
		_USBCtrlTrfSetupHandler
 This function uses a non-reentrant model


 *************** function _USBStdSetCfgHandler *****************
 Defined at:
		line 1968 in file "usb_device.c"
 Parameters:    Size  Location     Type
		None
 Auto vars:     Size  Location     Type
  i               1    6[BANK0 ] unsigned char 
 Return value:  Size  Location     Type
                  1    wreg      void 
 Registers used:
		wreg, fsr0l, fsr0h, fsr1l, fsr1h, fsr2l, fsr2h, status,2, status,0, prodl, prodh, cstack
 Tracked objects:
		On entry : 
		On exit  : 
		Unchanged: 
 Data sizes:     COMRAM   BANK0   BANK1   BANK2   BANK3   BANK4   BANK5   BANK6   BANK7   BANK8   BANK9  BANK10  BANK11  BANK12  BANK13  BANK14
      Params:         0       0       0       0       0       0       0       0       0       0       0       0       0       0       0       0
      Locals:         0       1       0       0       0       0       0       0       0       0       0       0       0       0       0       0
      Temps:          0       0       0       0       0       0       0       0       0       0       0       0       0       0       0       0
      Totals:         0       1       0       0       0       0       0       0       0       0       0       0       0       0       0       0
Total ram usage:        1 bytes
 Hardware stack levels used:    1
 Hardware stack levels required when called:    5
 This function calls:
		_USER_USB_CALLBACK_EVENT_HANDLER
		_memset
 This function is called by:
		_USBCheckStdRequest
 This function uses a non-reentrant model


 *************** function _memset *****************
 Defined at:
		line 8 in file "C:\Program Files (x86)\Microchip\xc8\v1.38\sources\common\memset.c"
 Parameters:    Size  Location     Type
  p1              2   14[COMRAM] PTR void 
		 -> USBAlternateInterface(1), BDT(32), UEP1(1), 
  c               2   16[COMRAM] int 
  n               2   18[COMRAM] unsigned int 
 Auto vars:     Size  Location     Type
  p               2   20[COMRAM] PTR unsigned char 
		 -> USBAlternateInterface(1), BDT(32), UEP1(1), 
 Return value:  Size  Location     Type
                  2   14[COMRAM] PTR void 
 Registers used:
		wreg, fsr2l, fsr2h, status,2, status,0
 Tracked objects:
		On entry : 
		On exit  : 
		Unchanged: 
 Data sizes:     COMRAM   BANK0   BANK1   BANK2   BANK3   BANK4   BANK5   BANK6   BANK7   BANK8   BANK9  BANK10  BANK11  BANK12  BANK13  BANK14
      Params:         6       0       0       0       0       0       0       0       0       0       0       0       0       0       0       0
      Locals:         2       0       0       0       0       0       0       0       0       0       0       0       0       0       0       0
      Temps:          0       0       0       0       0       0       0       0       0       0       0       0       0       0       0       0
      Totals:         8       0       0       0       0       0       0       0       0       0       0       0       0       0       0       0
Total ram usage:        8 bytes
 Hardware stack levels used:    1
 Hardware stack levels required when called:    1
 This function calls:
		Nothing
 This function is called by:
		_USBDeviceInit
		_USBStdSetCfgHandler
 This function uses a non-reentrant model


 *************** function _USBStdGetStatusHandler *****************
 Defined at:
		line 2129 in file "usb_device.c"
 Parameters:    Size  Location     Type
		None
 Auto vars:     Size  Location     Type
  p               2   15[COMRAM] PTR struct __BDT
		 -> RAM(3759), BDT(32), NULL(0), 
 Return value:  Size  Location     Type
                  1    wreg      void 
 Registers used:
		wreg, fsr2l, fsr2h, status,2, status,0, prodl, prodh
 Tracked objects:
		On entry : 
		On exit  : 
		Unchanged: 
 Data sizes:     COMRAM   BANK0   BANK1   BANK2   BANK3   BANK4   BANK5   BANK6   BANK7   BANK8   BANK9  BANK10  BANK11  BANK12  BANK13  BANK14
      Params:         0       0       0       0       0       0       0       0       0       0       0       0       0       0       0       0
      Locals:         2       0       0       0       0       0       0       0       0       0       0       0       0       0       0       0
      Temps:          1       0       0       0       0       0       0       0       0       0       0       0       0       0       0       0
      Totals:         3       0       0       0       0       0       0       0       0       0       0       0       0       0       0       0
Total ram usage:        3 bytes
 Hardware stack levels used:    1
 Hardware stack levels required when called:    1
 This function calls:
		Nothing
 This function is called by:
		_USBCheckStdRequest
 This function uses a non-reentrant model


 *************** function _USBStdGetDscHandler *****************
 Defined at:
		line 2043 in file "usb_device.c"
 Parameters:    Size  Location     Type
		None
 Auto vars:     Size  Location     Type
		None
 Return value:  Size  Location     Type
                  1    wreg      void 
 Registers used:
		wreg, fsr0l, fsr0h, status,2, status,0, tblptrl, tblptrh, tblptru, prodl, prodh
 Tracked objects:
		On entry : 
		On exit  : 
		Unchanged: 
 Data sizes:     COMRAM   BANK0   BANK1   BANK2   BANK3   BANK4   BANK5   BANK6   BANK7   BANK8   BANK9  BANK10  BANK11  BANK12  BANK13  BANK14
      Params:         0       0       0       0       0       0       0       0       0       0       0       0       0       0       0       0
      Locals:         0       0       0       0       0       0       0       0       0       0       0       0       0       0       0       0
      Temps:          2       0       0       0       0       0       0       0       0       0       0       0       0       0       0       0
      Totals:         2       0       0       0       0       0       0       0       0       0       0       0       0       0       0       0
Total ram usage:        2 bytes
 Hardware stack levels used:    1
 Hardware stack levels required when called:    1
 This function calls:
		Nothing
 This function is called by:
		_USBCheckStdRequest
 This function uses a non-reentrant model


 *************** function _USBStdFeatureReqHandler *****************
 Defined at:
		line 2754 in file "usb_device.c"
 Parameters:    Size  Location     Type
		None
 Auto vars:     Size  Location     Type
  p               2   10[BANK0 ] PTR struct __BDT
		 -> RAM(3759), BDT(32), NULL(0), 
  pUEP            2    7[BANK0 ] PTR unsigned char 
		 -> UEP0(1), 
  current_ep_d    1    9[BANK0 ] struct .
 Return value:  Size  Location     Type
                  1    wreg      void 
 Registers used:
		wreg, fsr0l, fsr0h, fsr1l, fsr1h, fsr2l, fsr2h, status,2, status,0, prodl, prodh, cstack
 Tracked objects:
		On entry : 
		On exit  : 
		Unchanged: 
 Data sizes:     COMRAM   BANK0   BANK1   BANK2   BANK3   BANK4   BANK5   BANK6   BANK7   BANK8   BANK9  BANK10  BANK11  BANK12  BANK13  BANK14
      Params:         0       0       0       0       0       0       0       0       0       0       0       0       0       0       0       0
      Locals:         0       5       0       0       0       0       0       0       0       0       0       0       0       0       0       0
      Temps:          0       1       0       0       0       0       0       0       0       0       0       0       0       0       0       0
      Totals:         0       6       0       0       0       0       0       0       0       0       0       0       0       0       0       0
Total ram usage:        6 bytes
 Hardware stack levels used:    1
 Hardware stack levels required when called:    5
 This function calls:
		_USER_USB_CALLBACK_EVENT_HANDLER
 This function is called by:
		_USBCheckStdRequest
 This function uses a non-reentrant model


 *************** function _USER_USB_CALLBACK_EVENT_HANDLER *****************
 Defined at:
		line 30 in file "usb_events.c"
[...]
 Defined at:
		line 4 in file "spi_interface.c"
 Parameters:    Size  Location     Type
		None
 Auto vars:     Size  Location     Type
		None
 Return value:  Size  Location     Type
                  1    wreg      void 
 Registers used:
		wreg, status,2
 Tracked objects:
		On entry : 
		On exit  : 
		Unchanged: 
 Data sizes:     COMRAM   BANK0   BANK1   BANK2   BANK3   BANK4   BANK5   BANK6   BANK7   BANK8   BANK9  BANK10  BANK11  BANK12  BANK13  BANK14
      Params:         0       0       0       0       0       0       0       0       0       0       0       0       0       0       0       0
      Locals:         0       0       0       0       0       0       0       0       0       0       0       0       0       0       0       0
      Temps:          0       0       0       0       0       0       0       0       0       0       0       0       0       0       0       0
      Totals:         0       0       0       0       0       0       0       0       0       0       0       0       0       0       0       0
Total ram usage:        0 bytes
 Hardware stack levels used:    1
 Hardware stack levels required when called:    1
 This function calls:
		Nothing
 This function is called by:
		_main
 This function uses a non-reentrant model


 *************** function _ConfigSPIPeriph *****************
 Defined at:
		line 15 in file "spi_interface.c"
 Parameters:    Size  Location     Type
		None
 Auto vars:     Size  Location     Type
		None
 Return value:  Size  Location     Type
                  1    wreg      void 
 Registers used:
		wreg, status,2
 Tracked objects:
		On entry : 
		On exit  : 
		Unchanged: 
 Data sizes:     COMRAM   BANK0   BANK1   BANK2   BANK3   BANK4   BANK5   BANK6   BANK7   BANK8   BANK9  BANK10  BANK11  BANK12  BANK13  BANK14
      Params:         0       0       0       0       0       0       0       0       0       0       0       0       0       0       0       0
      Locals:         0       0       0       0       0       0       0       0       0       0       0       0       0       0       0       0
      Temps:          0       0       0       0       0       0       0       0       0       0       0       0       0       0       0       0
      Totals:         0       0       0       0       0       0       0       0       0       0       0       0       0       0       0       0
Total ram usage:        0 bytes
 Hardware stack levels used:    1
 Hardware stack levels required when called:    1
 This function calls:
		Nothing
 This function is called by:
		_main
 This function uses a non-reentrant model


 *************** function _APP_DeviceAudioMIDITasks *****************
 Defined at:
		line 36 in file "app.c"
 Parameters:    Size  Location     Type
		None
 Auto vars:     Size  Location     Type
  midiRecieve     4    0[BANK0 ] long 
 Return value:  Size  Location     Type
                  1    wreg      void 
 Registers used:
		wreg, fsr1l, fsr1h, fsr2l, fsr2h, status,2, status,0, prodl, prodh, cstack
 Tracked objects:
		On entry : 
		On exit  : 
		Unchanged: 
 Data sizes:     COMRAM   BANK0   BANK1   BANK2   BANK3   BANK4   BANK5   BANK6   BANK7   BANK8   BANK9  BANK10  BANK11  BANK12  BANK13  BANK14
      Params:         0       0       0       0       0       0       0       0       0       0       0       0       0       0       0       0
      Locals:         0       4       0       0       0       0       0       0       0       0       0       0       0       0       0       0
      Temps:          0       0       0       0       0       0       0       0       0       0       0       0       0       0       0       0
      Totals:         0       4       0       0       0       0       0       0       0       0       0       0       0       0       0       0
Total ram usage:        4 bytes
 Hardware stack levels used:    1
 Hardware stack levels required when called:    4
 This function calls:
		_USBTransferOnePacket
		_handleButtons
		_scanButtonsHardware
 This function is called by:
		_main
 This function uses a non-reentrant model


 *************** function _scanButtonsHardware *****************
 Defined at:
		line 19 in file "buttons.c"
 Parameters:    Size  Location     Type
		None
 Auto vars:     Size  Location     Type
  states          1   16[COMRAM] unsigned char 
 Return value:  Size  Location     Type
                  1    wreg      void 
 Registers used:
		wreg, fsr1l, fsr1h, fsr2l, fsr2h, status,2, status,0, prodl, prodh, cstack
 Tracked objects:
		On entry : 
		On exit  : 
		Unchanged: 
 Data sizes:     COMRAM   BANK0   BANK1   BANK2   BANK3   BANK4   BANK5   BANK6   BANK7   BANK8   BANK9  BANK10  BANK11  BANK12  BANK13  BANK14
      Params:         0       0       0       0       0       0       0       0       0       0       0       0       0       0       0       0
      Locals:         1       0       0       0       0       0       0       0       0       0       0       0       0       0       0       0
      Temps:          0       0       0       0       0       0       0       0       0       0       0       0       0       0       0       0
      Totals:         1       0       0       0       0       0       0       0       0       0       0       0       0       0       0       0
Total ram usage:        1 bytes
 Hardware stack levels used:    1
 Hardware stack levels required when called:    2
 This function calls:
		_SPIReadWrite
 This function is called by:
		_APP_DeviceAudioMIDITasks
 This function uses a non-reentrant model


 *************** function _SPIReadWrite *****************
 Defined at:
		line 22 in file "spi_interface.c"
 Parameters:    Size  Location     Type
  byte            1    wreg     unsigned char 
 Auto vars:     Size  Location     Type
  byte            1   14[COMRAM] unsigned char 
  r               1   15[COMRAM] unsigned char 
 Return value:  Size  Location     Type
                  1    wreg      unsigned char 
 Registers used:
		wreg, status,2
 Tracked objects:
		On entry : 
		On exit  : 
		Unchanged: 
 Data sizes:     COMRAM   BANK0   BANK1   BANK2   BANK3   BANK4   BANK5   BANK6   BANK7   BANK8   BANK9  BANK10  BANK11  BANK12  BANK13  BANK14
      Params:         0       0       0       0       0       0       0       0       0       0       0       0       0       0       0       0
      Locals:         2       0       0       0       0       0       0       0       0       0       0       0       0       0       0       0
      Temps:          0       0       0       0       0       0       0       0       0       0       0       0       0       0       0       0
      Totals:         2       0       0       0       0       0       0       0       0       0       0       0       0       0       0       0
Total ram usage:        2 bytes
 Hardware stack levels used:    1
 Hardware stack levels required when called:    1
 This function calls:
		Nothing
 This function is called by:
		_scanButtonsHardware
		_main
 This function uses a non-reentrant model


 *************** function _handleButtons *****************
 Defined at:
		line 37 in file "buttons.c"
 Parameters:    Size  Location     Type
		None
 Auto vars:     Size  Location     Type
		None
 Return value:  Size  Location     Type
                  1    wreg      void 
 Registers used:
		wreg, fsr1l, fsr1h, fsr2l, fsr2h, status,2, status,0, prodl, prodh, cstack
 Tracked objects:
		On entry : 
		On exit  : 
		Unchanged: 
 Data sizes:     COMRAM   BANK0   BANK1   BANK2   BANK3   BANK4   BANK5   BANK6   BANK7   BANK8   BANK9  BANK10  BANK11  BANK12  BANK13  BANK14
      Params:         0       0       0       0       0       0       0       0       0       0       0       0       0       0       0       0
      Locals:         0       0       0       0       0       0       0       0       0       0       0       0       0       0       0       0
      Temps:          2       0       0       0       0       0       0       0       0       0       0       0       0       0       0       0
      Totals:         2       0       0       0       0       0       0       0       0       0       0       0       0       0       0       0
Total ram usage:        2 bytes
 Hardware stack levels used:    1
 Hardware stack levels required when called:    3
 This function calls:
		_sendMidiControlChange
		_sendMidiNoteOff
		_sendMidiNoteOn
 This function is called by:
		_APP_DeviceAudioMIDITasks
 This function uses a non-reentrant model


 *************** function _sendMidiNoteOn *****************
 Defined at:
		line 7 in file "midi_interface.c"
 Parameters:    Size  Location     Type
  cc              1    wreg     unsigned char 
  velocity        1   25[COMRAM] unsigned char 
  channel         1   26[COMRAM] unsigned char 
 Auto vars:     Size  Location     Type
  cc              1   27[COMRAM] unsigned char 
 Return value:  Size  Location     Type
                  1    wreg      void 
 Registers used:
		wreg, fsr2l, fsr2h, status,2, status,0, prodl, prodh, cstack
 Tracked objects:
		On entry : 
		On exit  : 
		Unchanged: 
 Data sizes:     COMRAM   BANK0   BANK1   BANK2   BANK3   BANK4   BANK5   BANK6   BANK7   BANK8   BANK9  BANK10  BANK11  BANK12  BANK13  BANK14
      Params:         2       0       0       0       0       0       0       0       0       0       0       0       0       0       0       0
      Locals:         1       0       0       0       0       0       0       0       0       0       0       0       0       0       0       0
      Temps:          0       0       0       0       0       0       0       0       0       0       0       0       0       0       0       0
      Totals:         3       0       0       0       0       0       0       0       0       0       0       0       0       0       0       0
Total ram usage:        3 bytes
 Hardware stack levels used:    1
 Hardware stack levels required when called:    2
 This function calls:
		_USBTransferOnePacket
 This function is called by:
		_handleButtons
 This function uses a non-reentrant model


 *************** function _sendMidiNoteOff *****************
 Defined at:
		line 20 in file "midi_interface.c"
 Parameters:    Size  Location     Type
  cc              1    wreg     unsigned char 
  velocity        1   25[COMRAM] unsigned char 
  channel         1   26[COMRAM] unsigned char 
 Auto vars:     Size  Location     Type
  cc              1   27[COMRAM] unsigned char 
 Return value:  Size  Location     Type
                  1    wreg      void 
 Registers used:
		wreg, fsr2l, fsr2h, status,2, status,0, prodl, prodh, cstack
 Tracked objects:
		On entry : 
		On exit  : 
		Unchanged: 
 Data sizes:     COMRAM   BANK0   BANK1   BANK2   BANK3   BANK4   BANK5   BANK6   BANK7   BANK8   BANK9  BANK10  BANK11  BANK12  BANK13  BANK14
      Params:         2       0       0       0       0       0       0       0       0       0       0       0       0       0       0       0
      Locals:         1       0       0       0       0       0       0       0       0       0       0       0       0       0       0       0
      Temps:          0       0       0       0       0       0       0       0       0       0       0       0       0       0       0       0
      Totals:         3       0       0       0       0       0       0       0       0       0       0       0       0       0       0       0
Total ram usage:        3 bytes
 Hardware stack levels used:    1
 Hardware stack levels required when called:    2
 This function calls:
		_USBTransferOnePacket
 This function is called by:
		_handleButtons
 This function uses a non-reentrant model


 *************** function _sendMidiControlChange *****************
 Defined at:
		line 33 in file "midi_interface.c"
 Parameters:    Size  Location     Type
  cc              1    wreg     unsigned char 
  velocity        1   25[COMRAM] unsigned char 
  channel         1   26[COMRAM] unsigned char 
 Auto vars:     Size  Location     Type
  cc              1   27[COMRAM] unsigned char 
 Return value:  Size  Location     Type
                  1    wreg      void 
 Registers used:
		wreg, fsr2l, fsr2h, status,2, status,0, prodl, prodh, cstack
 Tracked objects:
		On entry : 
		On exit  : 
		Unchanged: 
 Data sizes:     COMRAM   BANK0   BANK1   BANK2   BANK3   BANK4   BANK5   BANK6   BANK7   BANK8   BANK9  BANK10  BANK11  BANK12  BANK13  BANK14
      Params:         2       0       0       0       0       0       0       0       0       0       0       0       0       0       0       0
      Locals:         1       0       0       0       0       0       0       0       0       0       0       0       0       0       0       0
      Temps:          0       0       0       0       0       0       0       0       0       0       0       0       0       0       0       0
      Totals:         3       0       0       0       0       0       0       0       0       0       0       0       0       0       0       0
Total ram usage:        3 bytes
 Hardware stack levels used:    1
 Hardware stack levels required when called:    2
 This function calls:
		_USBTransferOnePacket
 This function is called by:
		_handleButtons
 This function uses a non-reentrant model


 *************** function _USBTransferOnePacket *****************
 Defined at:
		line 995 in file "usb_device.c"
 Parameters:    Size  Location     Type
  ep              1    wreg     unsigned char 
  dir             1   14[COMRAM] unsigned char 
  data            2   15[COMRAM] PTR unsigned char 
		 -> midi_interface@midiData(4), ReceivedDataBuffer(64), 
  len             1   17[COMRAM] unsigned char 
 Auto vars:     Size  Location     Type
  ep              1   22[COMRAM] unsigned char 
  handle          2   23[COMRAM] PTR volatile struct __BD
		 -> RAM(3759), BDT(32), NULL(0), 
 Return value:  Size  Location     Type
                  2   14[COMRAM] PTR void 
 Registers used:
		wreg, fsr2l, fsr2h, status,2, status,0, prodl, prodh
 Tracked objects:
		On entry : 
		On exit  : 
		Unchanged: 
 Data sizes:     COMRAM   BANK0   BANK1   BANK2   BANK3   BANK4   BANK5   BANK6   BANK7   BANK8   BANK9  BANK10  BANK11  BANK12  BANK13  BANK14
      Params:         4       0       0       0       0       0       0       0       0       0       0       0       0       0       0       0
      Locals:         3       0       0       0       0       0       0       0       0       0       0       0       0       0       0       0
      Temps:          4       0       0       0       0       0       0       0       0       0       0       0       0       0       0       0
      Totals:        11       0       0       0       0       0       0       0       0       0       0       0       0       0       0       0
Total ram usage:       11 bytes
 Hardware stack levels used:    1
 Hardware stack levels required when called:    1
 This function calls:
		Nothing
 This function is called by:
		_APP_DeviceAudioMIDIInitialize
		_APP_DeviceAudioMIDITasks
		_sendMidiNoteOn
		_sendMidiNoteOff
		_sendMidiControlChange
 This function uses a non-reentrant model


 *************** function _SYS_InterruptHigh *****************
 Defined at:
		line 100 in file "system.c"
 Parameters:    Size  Location     Type
		None
 Auto vars:     Size  Location     Type
		None
 Return value:  Size  Location     Type
                  1    wreg      void 
 Registers used:
		None
 Tracked objects:
		On entry : 
		On exit  : 
		Unchanged: 
 Data sizes:     COMRAM   BANK0   BANK1   BANK2   BANK3   BANK4   BANK5   BANK6   BANK7   BANK8   BANK9  BANK10  BANK11  BANK12  BANK13  BANK14
      Params:         0       0       0       0       0       0       0       0       0       0       0       0       0       0       0       0
      Locals:         0       0       0       0       0       0       0       0       0       0       0       0       0       0       0       0
      Temps:         14       0       0       0       0       0       0       0       0       0       0       0       0       0       0       0
      Totals:        14       0       0       0       0       0       0       0       0       0       0       0       0       0       0       0
Total ram usage:       14 bytes
 Hardware stack levels used:    1
 This function calls:
		Nothing
 This function is called by:
		Interrupt level 2
 This function uses a non-reentrant model



MODULE INFORMATION

Module		Function		Class		Link	Load	Size
button.c
		_newButton     		CODE           	27D6	0000	41

button.c estimated size: 41

C:\Program Files (x86)\Microchip\xc8\v1.38\sources\common\memcpy.c
		_memcpy        		CODE           	2686	0000	65

C:\Program Files (x86)\Microchip\xc8\v1.38\sources\common\memcpy.c estimated size: 65

spi_interface.c
		_SPIReadWrite  		CODE           	289E	0000	19
		_InitSPIPins   		CODE           	2884	0000	27
		_ConfigSPIPeriph		CODE           	28B0	0000	17

spi_interface.c estimated size: 63

buttons.c
		_handleButtons 		CODE           	19F4	0000	243
		_scanButtonsHardware		CODE           	229E	0000	125
		_initButtons   		CODE           	25B4	0000	73

buttons.c estimated size: 441

shared
		_configDescriptor1		SMALLCONST     	0F09	0000	102
		_USB_CD_Ptr    		SMALLCONST     	0F07	0000	3
		_sd001         		SMALLCONST     	0F6E	0000	53
		_sd002         		SMALLCONST     	0FA2	0000	27
		__initialization		CODE           	27FE	0000	25
		_device_dsc    		SMALLCONST     	0FBC	0000	19
		_USB_SD_Ptr    		SMALLCONST     	0F01	0000	7
		_sd000         		SMALLCONST     	0FCE	0000	5

shared estimated size: 241

leds.c
		_LED_Off       		CODE           	2842	0000	35
		_LED_On        		CODE           	2820	0000	35

leds.c estimated size: 70

app.c
		_APP_DeviceAudioMIDITasks		CODE           	2560	0000	85
		_APP_DeviceAudioMIDIInitialize		CODE           	2774	0000	55
		_APP_DeviceAudioMIDISOFHandler		CODE           	28C0	0000	3

app.c estimated size: 143

C:\Program Files (x86)\Microchip\xc8\v1.38\sources\common\memset.c
		_memset        		CODE           	27AA	0000	45

C:\Program Files (x86)\Microchip\xc8\v1.38\sources\common\memset.c estimated size: 45

usb_device.c
		_USBCtrlTrfInHandler		CODE           	1D88	0000	199
		_USBTransferOnePacket		CODE           	1800	0000	259
		_USBStdGetDscHandler		CODE           	15B6	0000	307
		_USBCtrlEPAllowDataStage		CODE           	20F2	0000	153
		_USBStdFeatureReqHandler		CODE           	0FD4	0000	767
		_USBCtrlEPAllowStatusStage		CODE           	1E4E	0000	195
		_USBCtrlTrfSetupHandler		CODE           	2058	0000	155
		_USBCtrlTrfOutHandler		CODE           	24B0	0000	93
		_USBCtrlEPServiceComplete		CODE           	1902	0000	243
		_USBSuspend    		CODE           	273E	0000	55
		_USBStdSetCfgHandler		CODE           	1AE6	0000	239
		_USBStdGetStatusHandler		CODE           	1F10	0000	171
		_USBWakeFromSuspend		CODE           	26C6	0000	61
		_USBCtrlTrfRxService		CODE           	16E8	0000	281
		_USBCtrlTrfTxService		CODE           	1CB6	0000	211
		_USBEnableEndpoint		CODE           	2702	0000	61
		_USBConfigureEndpoint		CODE           	218A	0000	149
		_USBDeviceInit 		CODE           	1466	0000	337
		_USBIncrement1msInternalTimers		CODE           	2864	0000	33
		_USBCtrlEPService		CODE           	1FBA	0000	159
		_USBStallHandler		CODE           	25FC	0000	71
		_USBDeviceTasks		CODE           	12D2	0000	405
		_USBCheckStdRequest		CODE           	1BD4	0000	227

usb_device.c estimated size: 4831

status_led.c
		_APP_LEDUpdateUSBStatus		CODE           	221E	0000	129

status_led.c estimated size: 129

midi_interface.c
		_sendMidiControlChange		CODE           	244E	0000	99
		_sendMidiNoteOn		CODE           	238A	0000	99
		_sendMidiNoteOff		CODE           	23EC	0000	99

midi_interface.c estimated size: 297

usb_events.c
		_USER_USB_CALLBACK_EVENT_HANDLER		CODE           	231A	0000	113

usb_events.c estimated size: 113

main.c
		_main          		CODE           	2642	0000	69

main.c estimated size: 69

system.c
		_SYS_InterruptHigh		CODE           	0008	0000	119
		_SYSTEM_Initialize		CODE           	250C	0000	85

system.c estimated size: 204

